// Vitest Snapshot v1, https://vitest.dev/guide/snapshot.html

exports[`download command > downloads json 1`] = `
{
  "data": [
    104,
    101,
    108,
    108,
    111,
    32,
    100,
    105,
    114,
    49,
  ],
  "type": "Buffer",
}
`;
